
7-Zip [64] 16.02 : Copyright (c) 1999-2016 Igor Pavlov : 2016-05-21
p7zip Version 16.02 (locale=C,Utf16=off,HugeFiles=on,64 bits,56 CPUs Intel(R) Xeon(R) CPU E5-2673 v4 @ 2.30GHz (406F1),ASM,AES-NI)

Scanning the drive for archives:
1 file, 1828096 bytes (1786 KiB)

Extracting archive: /mnt/data/dashboards.rar
--
Path = /mnt/data/dashboards.rar
Type = Rar5
Physical Size = 1828096
Solid = -
Blocks = 11
Encrypted = -
Multivolume = -
Volumes = 1

ERROR: Unsupported Method : dashboards/DSR.PNG
ERROR: Unsupported Method : dashboards/Executive Dashbiard 2.JPG
ERROR: Unsupported Method : dashboards/Executive Dashboard.JPG
ERROR: Unsupported Method : dashboards/KPI TRACKING 1.PNG
ERROR: Unsupported Method : dashboards/KPI TRACKING 2.PNG
ERROR: Unsupported Method : dashboards/Returns 1.PNG
ERROR: Unsupported Method : dashboards/Returns 2.PNG
ERROR: Unsupported Method : dashboards/route-planning.JPG
ERROR: Unsupported Method : dashboards/Transporters 2.JPG
ERROR: Unsupported Method : dashboards/Transporters.JPG

Sub items Errors: 10

Archives with Errors: 1

Sub items Errors: 10
